// Jest Snapshot v1, https://goo.gl/fbAQLP

exports[`Render test shallow render and snapshot 1`] = `
<SwaggerUI
  spec=""
/>
`;
