// Jest Snapshot v1, https://goo.gl/fbAQLP

exports[`convertToObject yaml string case2 1`] = `
Object {
  "info": Object {
    "title": "Simple API overview",
    "version": "2.0.0",
  },
  "openapi": "3.0.0",
  "paths": Object {
    "/": Object {
      "get": Object {
        "operationId": "listVersionsv2",
        "responses": Object {
          "200": Object {
            "content": Object {
              "application/json": Object {
                "examples": Object {
                  "foo": Object {
                    "value": Object {
                      "versions": Array [
                        Object {
                          "id": "v2.0",
                          "links": Array [
                            Object {
                              "href": "http://127.0.0.1:8774/v2/",
                              "rel": "self",
                            },
                          ],
                          "status": "CURRENT",
                          "updated": "2011-01-21T11:33:21Z",
                        },
                        Object {
                          "id": "v3.0",
                          "links": Array [
                            Object {
                              "href": "http://127.0.0.1:8774/v3/",
                              "rel": "self",
                            },
                          ],
                          "status": "EXPERIMENTAL",
                          "updated": "2013-07-23T11:33:21Z",
                        },
                      ],
                    },
                  },
                },
              },
            },
            "description": "200 response",
          },
          "300": Object {
            "content": Object {
              "application/json": Object {
                "examples": Object {
                  "foo": Object {
                    "value": "{
 \\"versions\\": [
       {
         \\"status\\": \\"CURRENT\\",
         \\"updated\\": \\"2011-01-21T11:33:21Z\\",
         \\"id\\": \\"v2.0\\",
         \\"links\\": [
             {
                 \\"href\\": \\"http://127.0.0.1:8774/v2/\\",
                 \\"rel\\": \\"self\\"
             }
         ]
     },
     {
         \\"status\\": \\"EXPERIMENTAL\\",
         \\"updated\\": \\"2013-07-23T11:33:21Z\\",
         \\"id\\": \\"v3.0\\",
         \\"links\\": [
             {
                 \\"href\\": \\"http://127.0.0.1:8774/v3/\\",
                 \\"rel\\": \\"self\\"
             }
         ]
     }
 ]
}
",
                  },
                },
              },
            },
            "description": "300 response",
          },
        },
        "summary": "List API versions",
      },
    },
    "/v2": Object {
      "get": Object {
        "operationId": "getVersionDetailsv2",
        "responses": Object {
          "200": Object {
            "content": Object {
              "application/json": Object {
                "examples": Object {
                  "foo": Object {
                    "value": Object {
                      "version": Object {
                        "id": "v2.0",
                        "links": Array [
                          Object {
                            "href": "http://127.0.0.1:8774/v2/",
                            "rel": "self",
                          },
                          Object {
                            "href": "http://docs.openstack.org/api/openstack-compute/2/os-compute-devguide-2.pdf",
                            "rel": "describedby",
                            "type": "application/pdf",
                          },
                          Object {
                            "href": "http://docs.openstack.org/api/openstack-compute/2/wadl/os-compute-2.wadl",
                            "rel": "describedby",
                            "type": "application/vnd.sun.wadl+xml",
                          },
                          Object {
                            "href": "http://docs.openstack.org/api/openstack-compute/2/wadl/os-compute-2.wadl",
                            "rel": "describedby",
                            "type": "application/vnd.sun.wadl+xml",
                          },
                        ],
                        "media-types": Array [
                          Object {
                            "base": "application/xml",
                            "type": "application/vnd.openstack.compute+xml;version=2",
                          },
                          Object {
                            "base": "application/json",
                            "type": "application/vnd.openstack.compute+json;version=2",
                          },
                        ],
                        "status": "CURRENT",
                        "updated": "2011-01-21T11:33:21Z",
                      },
                    },
                  },
                },
              },
            },
            "description": "200 response",
          },
          "203": Object {
            "content": Object {
              "application/json": Object {
                "examples": Object {
                  "foo": Object {
                    "value": Object {
                      "version": Object {
                        "id": "v2.0",
                        "links": Array [
                          Object {
                            "href": "http://23.253.228.211:8774/v2/",
                            "rel": "self",
                          },
                          Object {
                            "href": "http://docs.openstack.org/api/openstack-compute/2/os-compute-devguide-2.pdf",
                            "rel": "describedby",
                            "type": "application/pdf",
                          },
                          Object {
                            "href": "http://docs.openstack.org/api/openstack-compute/2/wadl/os-compute-2.wadl",
                            "rel": "describedby",
                            "type": "application/vnd.sun.wadl+xml",
                          },
                        ],
                        "media-types": Array [
                          Object {
                            "base": "application/xml",
                            "type": "application/vnd.openstack.compute+xml;version=2",
                          },
                          Object {
                            "base": "application/json",
                            "type": "application/vnd.openstack.compute+json;version=2",
                          },
                        ],
                        "status": "CURRENT",
                        "updated": "2011-01-21T11:33:21Z",
                      },
                    },
                  },
                },
              },
            },
            "description": "203 response",
          },
        },
        "summary": "Show API version details",
      },
    },
  },
}
`;
